2026-10-01T14:59:09: {"level":"info","ts":1790841549.414102,"caller":"service-datahub/main.go:37","msg":"Starting SysCore DataHub High-Performance Service (REST + Protobuf/gRPC)..."}
2026-10-01T14:59:09: {"level":"info","ts":1790841549.4420443,"caller":"database/postgres.go:64","msg":"Running database schema migrations for DATAHUB..."}
2026-10-01T14:59:09: {"level":"info","ts":1790841549.676213,"caller":"database/postgres.go:54","msg":"PostgreSQL DATAHUB database connection established successfully","host":"127.0.0.1","port":5432,"database":"GsHub"}
2026-10-01T14:59:09: {"level":"info","ts":1790841549.6767242,"caller":"service-datahub/main.go:83","msg":"🚀 [REST Engine] DataHub HTTP listening on http://localhost:9643"}
2026-10-01T14:59:09: {"level":"fatal","ts":1790841549.6772387,"caller":"service-datahub/main.go:85","msg":"HTTP server listen failed","error":"listen tcp :9643: bind: Only one usage of each socket address (protocol/network address/port) is normally permitted.","stacktrace":"main.main.func1\n\tC:/Users/tuanhoang/Desktop/Gshub/service/service-datahub/main.go:85"}
2026-10-01T14:59:12: {"level":"info","ts":1790841552.7004142,"caller":"service-datahub/main.go:37","msg":"Starting SysCore DataHub High-Performance Service (REST + Protobuf/gRPC)..."}
2026-10-01T14:59:12: {"level":"info","ts":1790841552.727753,"caller":"database/postgres.go:64","msg":"Running database schema migrations for DATAHUB..."}
2026-10-01T14:59:12: {"level":"info","ts":1790841552.8984177,"caller":"database/postgres.go:54","msg":"PostgreSQL DATAHUB database connection established successfully","host":"127.0.0.1","port":5432,"database":"GsHub"}
2026-10-01T14:59:12: {"level":"info","ts":1790841552.8989258,"caller":"service-datahub/main.go:83","msg":"🚀 [REST Engine] DataHub HTTP listening on http://localhost:9643"}
2026-10-01T14:59:12: {"level":"fatal","ts":1790841552.898936,"caller":"service-datahub/main.go:100","msg":"Failed to bind gRPC server listener","error":"failed to listen on gRPC port 9644: listen tcp :9644: bind: Only one usage of each socket address (protocol/network address/port) is normally permitted.","stacktrace":"main.main\n\tC:/Users/tuanhoang/Desktop/Gshub/service/service-datahub/main.go:100\nruntime.main\n\tC:/Program Files/Go/src/runtime/proc.go:285"}
2026-10-01T14:59:15: {"level":"info","ts":1790841555.9179766,"caller":"service-datahub/main.go:37","msg":"Starting SysCore DataHub High-Performance Service (REST + Protobuf/gRPC)..."}
2026-10-01T14:59:15: {"level":"info","ts":1790841555.9494905,"caller":"database/postgres.go:64","msg":"Running database schema migrations for DATAHUB..."}
2026-10-01T14:59:16: {"level":"info","ts":1790841556.1693428,"caller":"database/postgres.go:54","msg":"PostgreSQL DATAHUB database connection established successfully","host":"127.0.0.1","port":5432,"database":"GsHub"}
2026-10-01T14:59:16: {"level":"info","ts":1790841556.1693428,"caller":"service-datahub/main.go:83","msg":"🚀 [REST Engine] DataHub HTTP listening on http://localhost:9643"}
2026-10-01T14:59:16: {"level":"fatal","ts":1790841556.1698575,"caller":"service-datahub/main.go:100","msg":"Failed to bind gRPC server listener","error":"failed to listen on gRPC port 9644: listen tcp :9644: bind: Only one usage of each socket address (protocol/network address/port) is normally permitted.","stacktrace":"main.main\n\tC:/Users/tuanhoang/Desktop/Gshub/service/service-datahub/main.go:100\nruntime.main\n\tC:/Program Files/Go/src/runtime/proc.go:285"}
2026-10-01T14:59:16: {"level":"fatal","ts":1790841556.1698575,"caller":"service-datahub/main.go:85","msg":"HTTP server listen failed","error":"listen tcp :9643: bind: Only one usage of each socket address (protocol/network address/port) is normally permitted.","stacktrace":"main.main.func1\n\tC:/Users/tuanhoang/Desktop/Gshub/service/service-datahub/main.go:85"}
2026-10-01T14:59:19: {"level":"info","ts":1790841559.1975708,"caller":"service-datahub/main.go:37","msg":"Starting SysCore DataHub High-Performance Service (REST + Protobuf/gRPC)..."}
2026-10-01T14:59:19: {"level":"info","ts":1790841559.2190769,"caller":"database/postgres.go:64","msg":"Running database schema migrations for DATAHUB..."}
2026-10-01T14:59:19: {"level":"info","ts":1790841559.3904822,"caller":"database/postgres.go:54","msg":"PostgreSQL DATAHUB database connection established successfully","host":"127.0.0.1","port":5432,"database":"GsHub"}
2026-10-01T14:59:19: {"level":"info","ts":1790841559.3905387,"caller":"service-datahub/main.go:83","msg":"🚀 [REST Engine] DataHub HTTP listening on http://localhost:9643"}
2026-10-01T14:59:19: {"level":"fatal","ts":1790841559.3905387,"caller":"service-datahub/main.go:100","msg":"Failed to bind gRPC server listener","error":"failed to listen on gRPC port 9644: listen tcp :9644: bind: Only one usage of each socket address (protocol/network address/port) is normally permitted.","stacktrace":"main.main\n\tC:/Users/tuanhoang/Desktop/Gshub/service/service-datahub/main.go:100\nruntime.main\n\tC:/Program Files/Go/src/runtime/proc.go:285"}
2026-10-01T14:59:22: {"level":"info","ts":1790841562.4179816,"caller":"service-datahub/main.go:37","msg":"Starting SysCore DataHub High-Performance Service (REST + Protobuf/gRPC)..."}
2026-10-01T14:59:22: {"level":"info","ts":1790841562.4418135,"caller":"database/postgres.go:64","msg":"Running database schema migrations for DATAHUB..."}
2026-10-01T14:59:22: {"level":"info","ts":1790841562.6060784,"caller":"database/postgres.go:54","msg":"PostgreSQL DATAHUB database connection established successfully","host":"127.0.0.1","port":5432,"database":"GsHub"}
2026-10-01T14:59:22: {"level":"info","ts":1790841562.6060784,"caller":"service-datahub/main.go:83","msg":"🚀 [REST Engine] DataHub HTTP listening on http://localhost:9643"}
2026-10-01T14:59:22: {"level":"fatal","ts":1790841562.6066387,"caller":"service-datahub/main.go:100","msg":"Failed to bind gRPC server listener","error":"failed to listen on gRPC port 9644: listen tcp :9644: bind: Only one usage of each socket address (protocol/network address/port) is normally permitted.","stacktrace":"main.main\n\tC:/Users/tuanhoang/Desktop/Gshub/service/service-datahub/main.go:100\nruntime.main\n\tC:/Program Files/Go/src/runtime/proc.go:285"}
2026-10-01T14:59:22: {"level":"fatal","ts":1790841562.6066387,"caller":"service-datahub/main.go:85","msg":"HTTP server listen failed","error":"listen tcp :9643: bind: Only one usage of each socket address (protocol/network address/port) is normally permitted.","stacktrace":"main.main.func1\n\tC:/Users/tuanhoang/Desktop/Gshub/service/service-datahub/main.go:85"}
2026-10-01T14:59:25: {"level":"info","ts":1790841565.6384864,"caller":"service-datahub/main.go:37","msg":"Starting SysCore DataHub High-Performance Service (REST + Protobuf/gRPC)..."}
2026-10-01T14:59:25: {"level":"info","ts":1790841565.6746397,"caller":"database/postgres.go:64","msg":"Running database schema migrations for DATAHUB..."}
2026-10-01T14:59:25: {"level":"info","ts":1790841565.841286,"caller":"database/postgres.go:54","msg":"PostgreSQL DATAHUB database connection established successfully","host":"127.0.0.1","port":5432,"database":"GsHub"}
2026-10-01T14:59:25: {"level":"info","ts":1790841565.841286,"caller":"service-datahub/main.go:83","msg":"🚀 [REST Engine] DataHub HTTP listening on http://localhost:9643"}
2026-10-01T14:59:25: {"level":"fatal","ts":1790841565.8418763,"caller":"service-datahub/main.go:100","msg":"Failed to bind gRPC server listener","error":"failed to listen on gRPC port 9644: listen tcp :9644: bind: Only one usage of each socket address (protocol/network address/port) is normally permitted.","stacktrace":"main.main\n\tC:/Users/tuanhoang/Desktop/Gshub/service/service-datahub/main.go:100\nruntime.main\n\tC:/Program Files/Go/src/runtime/proc.go:285"}
2026-10-01T14:59:28: {"level":"info","ts":1790841568.8720808,"caller":"service-datahub/main.go:37","msg":"Starting SysCore DataHub High-Performance Service (REST + Protobuf/gRPC)..."}
2026-10-01T14:59:28: {"level":"info","ts":1790841568.8908827,"caller":"database/postgres.go:64","msg":"Running database schema migrations for DATAHUB..."}
2026-10-01T14:59:29: {"level":"info","ts":1790841569.0503356,"caller":"database/postgres.go:54","msg":"PostgreSQL DATAHUB database connection established successfully","host":"127.0.0.1","port":5432,"database":"GsHub"}
2026-10-01T14:59:29: {"level":"info","ts":1790841569.0503697,"caller":"service-datahub/main.go:83","msg":"🚀 [REST Engine] DataHub HTTP listening on http://localhost:9643"}
2026-10-01T14:59:29: {"level":"fatal","ts":1790841569.0503697,"caller":"service-datahub/main.go:100","msg":"Failed to bind gRPC server listener","error":"failed to listen on gRPC port 9644: listen tcp :9644: bind: Only one usage of each socket address (protocol/network address/port) is normally permitted.","stacktrace":"main.main\n\tC:/Users/tuanhoang/Desktop/Gshub/service/service-datahub/main.go:100\nruntime.main\n\tC:/Program Files/Go/src/runtime/proc.go:285"}
2026-10-01T14:59:29: {"level":"fatal","ts":1790841569.0503697,"caller":"service-datahub/main.go:85","msg":"HTTP server listen failed","error":"listen tcp :9643: bind: Only one usage of each socket address (protocol/network address/port) is normally permitted.","stacktrace":"main.main.func1\n\tC:/Users/tuanhoang/Desktop/Gshub/service/service-datahub/main.go:85"}
